{
  "id": "job-456",
  "status": "failed",
  "error": {
    "code": "UPSTREAM_TIMEOUT",
    "message": "upstream timeout: context deadline exceeded"
  }
}
